Archive Project report for digit_detector
Sat May 25 20:47:16 2024
Quartus Prime Version 23.1std.0 Build 991 11/28/2023 SC Lite Edition


---------------------
; Table of Contents ;
---------------------
  1. Legal Notice
  2. Archive Project Summary
  3. Archive Project Messages
  4. Files Archived



----------------
; Legal Notice ;
----------------
Copyright (C) 2023  Intel Corporation. All rights reserved.
Your use of Intel Corporation's design tools, logic functions 
and other software and tools, and any partner logic 
functions, and any output files from any of the foregoing 
(including device programming or simulation files), and any 
associated documentation or information are expressly subject 
to the terms and conditions of the Intel Program License 
Subscription Agreement, the Intel Quartus Prime License Agreement,
the Intel FPGA IP License Agreement, or other applicable license
agreement, including, without limitation, that your use is for
the sole purpose of programming logic devices manufactured by
Intel and sold by Intel or its authorized distributors.  Please
refer to the applicable agreement for further details, at
https://fpgasoftware.intel.com/eula.



+----------------------------------------------------------------+
; Archive Project Summary                                        ;
+------------------------+---------------------------------------+
; Archive Project Status ; Successful - Sat May 25 20:47:16 2024 ;
; Revision Name          ; digit_detector                        ;
; Top-level Entity Name  ; digit_detector                        ;
; Family                 ; Cyclone IV E                          ;
+------------------------+---------------------------------------+


+--------------------------+
; Archive Project Messages ;
+--------------------------+
Info: File Set 'Source control' contains:
    Info: Project source and settings files
    Info: Automatically detected source files
Warning: Hierarchical Platform Designer systems and custom IP components(_hw.tcl and associated files) are not archived by the Quartus Archiver
Info: Archive will store files relative to the closest common parent directory
Info (13213): Using common directory /home/gabriel/Documentos/X/2A/P3/PHY473R/src/
Info: ----------------------------------------------------------
Info: ----------------------------------------------------------
Info: Generated archive '/home/gabriel/Documentos/X/2A/P3/PHY473R/src/digit_detector.qar'
Info: ----------------------------------------------------------
Info: ----------------------------------------------------------
Info: Generated report 'digit_detector.archive.rpt'
Info (23030): Evaluation of Tcl script /home/gabriel/intelFPGA/23.1std/quartus/common/tcl/apps/qpm/qar.tcl was successful
Info: Quartus Prime Shell was successful. 0 errors, 1 warning
    Info: Peak virtual memory: 579 megabytes
    Info: Processing ended: Sat May 25 20:47:16 2024
    Info: Elapsed time: 00:00:01
    Info: Total CPU time (on all processors): 00:00:01


+-------------------------------------------------------------------------+
; Files Archived                                                          ;
+-------------------------------------------------------------------------+
; File Name                                                               ;
+-------------------------------------------------------------------------+
; /home/gabriel/intelFPGA/23.1std/quartus/linux64/assignment_defaults.qdf ;
; camera_interface.vhd                                                    ;
; digit_detector.qpf                                                      ;
; digit_detector.qsf                                                      ;
; digit_detector.vhd                                                      ;
; digit_detector_control_unit.vhd                                         ;
; digit_detector_datapath.vhd                                             ;
; I2C_CMOS_Config.vhd                                                     ;
; I2C_Controller.vhd                                                      ;
; lcd_interface.vhd                                                       ;
; perceptron_weights/0_1.mif                                              ;
; ram_image.cmp                                                           ;
; ram_image.qip                                                           ;
; ram_image.vhd                                                           ;
; ram_perceptron.cmp                                                      ;
; ram_perceptron.qip                                                      ;
; ram_perceptron.vhd                                                      ;
; vga_interface.vhd                                                       ;
+-------------------------------------------------------------------------+


